// Jest Snapshot v1, https://goo.gl/fbAQLP

exports[`Calendar matches snapshot 1`] = `undefined`;
